2026-09-22 19:37:08,421 | INFO     | stx_quant | 日志系统初始化完成 | 级别=INFO | 目录=logs
2026-09-22 19:37:08,421 | INFO     | stx_quant.main | ========================================================================
2026-09-22 19:37:08,421 | INFO     | stx_quant.main | STX/USDT 永续合约交易机器人
2026-09-22 19:37:08,421 | INFO     | stx_quant.main |   运行模式  : PAPER
2026-09-22 19:37:08,421 | INFO     | stx_quant.main |   交易所    : okx
2026-09-22 19:37:08,421 | INFO     | stx_quant.main |   测试网    : NO
2026-09-22 19:37:08,421 | INFO     | stx_quant.main |   交易标的  : STX/USDT:USDT
2026-09-22 19:37:08,421 | INFO     | stx_quant.main |   BTC 参照  : BTC/USDT:USDT
2026-09-22 19:37:08,421 | INFO     | stx_quant.main |   杠杆      : 1x (系统强制)
2026-09-22 19:37:08,421 | INFO     | stx_quant.main |   风险比例  : 1.00% / 笔
2026-09-22 19:37:08,421 | INFO     | stx_quant.main |   止损/止盈 : 2.00% / 4.00%
2026-09-22 19:37:08,421 | INFO     | stx_quant.main |   轮询间隔  : 60 秒
2026-09-22 19:37:08,421 | INFO     | stx_quant.main | ========================================================================
2026-09-22 19:37:08,436 | INFO     | stx_quant.state_store | StateStore 初始化完成 | 路径=data/stx_bot.db
2026-09-22 19:37:08,436 | INFO     | stx_quant.notifier | Notifier 未配置任何渠道，将仅记录到日志
2026-09-22 19:37:08,436 | INFO     | stx_quant.strategy | 策略初始化完成 | 交易所=okx | 模式=paper | 标的=STX/USDT:USDT
2026-09-22 19:37:15,727 | INFO     | stx_quant.precision | 已加载市场元数据 | symbol=STX/USDT:USDT | 最小数量=0.1 | 最小名义=None
2026-09-22 19:37:15,740 | INFO     | stx_quant.risk_manager | Paper 账户初始化完成，初始资金 = 10000.00 USDT
2026-09-22 19:37:15,740 | INFO     | stx_quant.risk_manager | 风险管理器初始化完成 | 模式=paper
2026-09-22 19:37:15,740 | INFO     | stx_quant.data_fetcher | MarketDataFetcher 初始化完成 | 交易所=okx | 模式=paper
2026-09-22 19:37:15,740 | INFO     | stx_quant.notifier | [NOTIFY] STX Bot 已启动 | 模式=PAPER | 交易所=okx | 标的=STX/USDT:USDT
2026-09-22 19:37:15,740 | INFO     | stx_quant.main | 主循环启动，按 Ctrl+C 可优雅退出
2026-09-22 19:37:29,707 | INFO     | stx_quant.strategy | 信号生成完成 | side=long | score=0.3647
2026-09-22 19:37:29,707 | INFO     | stx_quant.risk_manager | 新交易日开始，重置每日熔断统计，起始权益=10000.00
2026-09-22 19:37:29,714 | INFO     | stx_quant.risk_manager | 仓位计算 | 权益=10000.00 | 风险金额=100.00 | 数量=8608.3214 | 止损=0.3415 | 止盈=0.3624
2026-09-22 19:37:29,720 | INFO     | stx_quant.risk_manager | 精度对齐完成 | 数量=8608.30000000 | 止损=0.34150000 | 止盈=0.36240000
2026-09-22 19:37:29,720 | INFO     | stx_quant.risk_manager | [PAPER] 开仓 long | 数量=8608.3000 | 价格=0.3485 | 止损=0.3415 | 止盈=0.3624 | 手续费=1.5000
2026-09-22 19:37:29,720 | INFO     | stx_quant.notifier | [NOTIFY] [PAPER] 开仓 LONG | 数量=8608.3000 | 价格=0.3485 | 止损=0.3415 | 止盈=0.3624
2026-09-22 19:37:29,720 | INFO     | stx_quant.main | [#1] 价格=0.3485 | 动作=opened           | 方向=long  | 得分=+0.365 | 权益=9998.50 | 综合得分 0.365 >= 阈值 0.35，看多
2026-09-22 19:38:36,340 | INFO     | stx_quant.strategy | 信号生成完成 | side=long | score=0.3644
2026-09-22 19:38:36,340 | INFO     | stx_quant.main | [#2] 价格=0.3489 | 动作=hold             | 方向=long  | 得分=+0.364 | 权益=10001.94 | 已持仓，继续监控止损止盈
2026-09-22 19:39:43,438 | INFO     | stx_quant.strategy | 信号生成完成 | side=long | score=0.3636
2026-09-22 19:39:43,439 | INFO     | stx_quant.main | [#3] 价格=0.3503 | 动作=hold             | 方向=long  | 得分=+0.364 | 权益=10013.99 | 已持仓，继续监控止损止盈
2026-09-22 19:40:49,381 | INFO     | stx_quant.strategy | 信号生成完成 | side=long | score=0.3632
2026-09-22 19:40:49,381 | INFO     | stx_quant.main | [#4] 价格=0.3518 | 动作=hold             | 方向=long  | 得分=+0.363 | 权益=10026.91 | 已持仓，继续监控止损止盈
2026-09-22 19:41:56,841 | INFO     | stx_quant.strategy | 信号生成完成 | side=long | score=0.3634
2026-09-22 19:41:56,841 | INFO     | stx_quant.main | [#5] 价格=0.3514 | 动作=hold             | 方向=long  | 得分=+0.363 | 权益=10023.46 | 已持仓，继续监控止损止盈
2026-09-22 19:43:03,162 | INFO     | stx_quant.strategy | 信号生成完成 | side=long | score=0.3636
2026-09-22 19:43:03,162 | INFO     | stx_quant.main | [#6] 价格=0.3508 | 动作=hold             | 方向=long  | 得分=+0.364 | 权益=10018.30 | 已持仓，继续监控止损止盈
2026-09-22 19:44:09,618 | INFO     | stx_quant.strategy | 信号生成完成 | side=long | score=0.3628
2026-09-22 19:44:09,618 | INFO     | stx_quant.main | [#7] 价格=0.3524 | 动作=hold             | 方向=long  | 得分=+0.363 | 权益=10032.07 | 已持仓，继续监控止损止盈
2026-09-22 19:45:15,977 | INFO     | stx_quant.strategy | 信号生成完成 | side=long | score=0.3630
2026-09-22 19:45:15,977 | INFO     | stx_quant.main | [#8] 价格=0.3525 | 动作=hold             | 方向=long  | 得分=+0.363 | 权益=10032.93 | 已持仓，继续监控止损止盈
2026-09-22 19:46:22,974 | INFO     | stx_quant.strategy | 信号生成完成 | side=long | score=0.3628
2026-09-22 19:46:22,974 | INFO     | stx_quant.main | [#9] 价格=0.3529 | 动作=hold             | 方向=long  | 得分=+0.363 | 权益=10036.38 | 已持仓，继续监控止损止盈
2026-09-22 19:47:29,375 | INFO     | stx_quant.strategy | 信号生成完成 | side=long | score=0.3624
2026-09-22 19:47:29,375 | INFO     | stx_quant.main | [#10] 价格=0.3536 | 动作=hold             | 方向=long  | 得分=+0.362 | 权益=10042.40 | 已持仓，继续监控止损止盈
2026-09-22 19:48:36,036 | INFO     | stx_quant.strategy | 信号生成完成 | side=long | score=0.3626
2026-09-22 19:48:36,036 | INFO     | stx_quant.main | [#11] 价格=0.3535 | 动作=hold             | 方向=long  | 得分=+0.363 | 权益=10041.54 | 已持仓，继续监控止损止盈
2026-09-22 19:49:42,536 | INFO     | stx_quant.strategy | 信号生成完成 | side=flat | score=0.2684
2026-09-22 19:49:42,536 | INFO     | stx_quant.main | [#12] 价格=0.3537 | 动作=hold             | 方向=flat  | 得分=+0.268 | 权益=10043.26 | 已持仓，继续监控止损止盈
2026-09-22 19:50:49,970 | INFO     | stx_quant.strategy | 信号生成完成 | side=flat | score=0.2684
2026-09-22 19:50:49,970 | INFO     | stx_quant.main | [#13] 价格=0.3542 | 动作=hold             | 方向=flat  | 得分=+0.268 | 权益=10047.57 | 已持仓，继续监控止损止盈
2026-09-22 19:51:49,974 | INFO     | stx_quant.main | 收到系统信号 2，准备优雅退出
2026-09-22 19:51:49,974 | INFO     | stx_quant.main | 主循环已退出，正在生成最终统计...
2026-09-22 19:51:49,974 | INFO     | stx_quant.main | 统计 | 总交易=0 | 胜率=0.00% | 总盈亏=0.00 USDT | 平均每笔=0.0000 USDT
2026-09-22 19:51:49,974 | INFO     | stx_quant.main | 持久化累计统计 | 总交易=0 | 胜率=0.00% | 总盈亏=0.00
2026-09-22 19:51:49,974 | INFO     | stx_quant.notifier | [NOTIFY] STX Bot 已优雅退出。
2026-09-22 19:51:49,990 | INFO     | stx_quant.main | STX 交易机器人已停止。
2026-09-22 20:02:53,003 | INFO     | stx_quant | 日志系统初始化完成 | 级别=INFO | 目录=logs
2026-09-22 20:02:53,006 | INFO     | stx_quant.main | ========================================================================
2026-09-22 20:02:53,006 | INFO     | stx_quant.main | STX/USDT 永续合约交易机器人
2026-09-22 20:02:53,006 | INFO     | stx_quant.main |   运行模式  : PAPER
2026-09-22 20:02:53,006 | INFO     | stx_quant.main |   交易所    : okx
2026-09-22 20:02:53,006 | INFO     | stx_quant.main |   测试网    : NO
2026-09-22 20:02:53,006 | INFO     | stx_quant.main |   交易标的  : STX/USDT:USDT
2026-09-22 20:02:53,006 | INFO     | stx_quant.main |   BTC 参照  : BTC/USDT:USDT
2026-09-22 20:02:53,006 | INFO     | stx_quant.main |   杠杆      : 1x (系统强制)
2026-09-22 20:02:53,006 | INFO     | stx_quant.main |   风险比例  : 1.00% / 笔
2026-09-22 20:02:53,006 | INFO     | stx_quant.main |   止损/止盈 : 2.00% / 4.00%
2026-09-22 20:02:53,006 | INFO     | stx_quant.main |   轮询间隔  : 60 秒
2026-09-22 20:02:53,006 | INFO     | stx_quant.main | ========================================================================
2026-09-22 20:02:53,006 | INFO     | stx_quant.state_store | StateStore 初始化完成 | 路径=data/stx_bot.db
2026-09-22 20:02:53,006 | INFO     | stx_quant.notifier | Notifier 未配置任何渠道，将仅记录到日志
2026-09-22 20:02:53,006 | INFO     | stx_quant.strategy | 策略初始化完成 | 交易所=okx | 模式=paper | 标的=STX/USDT:USDT
2026-09-22 20:02:57,396 | INFO     | stx_quant.precision | 已加载市场元数据 | symbol=STX/USDT:USDT | 最小数量=0.1 | 最小名义=None
2026-09-22 20:02:57,396 | INFO     | stx_quant.risk_manager | Paper 账户初始化完成，初始资金 = 300.00 USDT
2026-09-22 20:02:57,396 | WARNING  | stx_quant.risk_manager | [PAPER] 从持久化恢复持仓: long 8608.3000 @ 0.3485
2026-09-22 20:02:57,396 | INFO     | stx_quant.risk_manager | [PAPER] 已从持久化恢复账户余额: 9998.50 USDT
2026-09-22 20:02:57,403 | INFO     | stx_quant.risk_manager | 风险管理器初始化完成 | 模式=paper
2026-09-22 20:02:57,407 | INFO     | stx_quant.data_fetcher | MarketDataFetcher 初始化完成 | 交易所=okx | 模式=paper
2026-09-22 20:02:57,407 | INFO     | stx_quant.notifier | [NOTIFY] STX Bot 已启动 | 模式=PAPER | 交易所=okx | 标的=STX/USDT:USDT
2026-09-22 20:02:57,407 | INFO     | stx_quant.main | 主循环启动，按 Ctrl+C 可优雅退出
2026-09-22 20:03:07,459 | INFO     | stx_quant.strategy | 信号生成完成 | side=flat | score=0.2764
2026-09-22 20:03:07,459 | INFO     | stx_quant.main | [#1] 价格=0.3501 | 动作=hold             | 方向=flat  | 得分=+0.276 | 权益=10012.27 | 已持仓，继续监控止损止盈
2026-09-22 20:04:12,688 | INFO     | stx_quant.strategy | 信号生成完成 | side=flat | score=0.2754
2026-09-22 20:04:12,688 | INFO     | stx_quant.main | [#2] 价格=0.3512 | 动作=hold             | 方向=flat  | 得分=+0.275 | 权益=10021.74 | 已持仓，继续监控止损止盈
2026-09-22 20:05:18,732 | INFO     | stx_quant.strategy | 信号生成完成 | side=flat | score=0.2760
2026-09-22 20:05:18,732 | INFO     | stx_quant.main | [#3] 价格=0.3508 | 动作=hold             | 方向=flat  | 得分=+0.276 | 权益=10018.30 | 已持仓，继续监控止损止盈
2026-09-22 20:06:18,743 | INFO     | stx_quant.main | 收到系统信号 2，准备优雅退出
2026-09-22 20:06:18,743 | INFO     | stx_quant.main | 主循环已退出，正在生成最终统计...
2026-09-22 20:06:18,745 | INFO     | stx_quant.main | 统计 | 总交易=0 | 胜率=0.00% | 总盈亏=0.00 USDT | 平均每笔=0.0000 USDT
2026-09-22 20:06:18,745 | INFO     | stx_quant.main | 持久化累计统计 | 总交易=0 | 胜率=0.00% | 总盈亏=0.00
2026-09-22 20:06:18,745 | INFO     | stx_quant.notifier | [NOTIFY] STX Bot 已优雅退出。
2026-09-22 20:06:18,754 | INFO     | stx_quant.main | STX 交易机器人已停止。
2026-09-22 23:16:43,440 | INFO     | stx_quant | 日志系统初始化完成 | 级别=INFO | 目录=logs
2026-09-22 23:16:43,440 | INFO     | stx_quant.main | ========================================================================
2026-09-22 23:16:43,440 | INFO     | stx_quant.main | STX/USDT 永续合约交易机器人
2026-09-22 23:16:43,440 | INFO     | stx_quant.main |   运行模式  : PAPER
2026-09-22 23:16:43,440 | INFO     | stx_quant.main |   交易所    : okx
2026-09-22 23:16:43,440 | INFO     | stx_quant.main |   测试网    : NO
2026-09-22 23:16:43,440 | INFO     | stx_quant.main |   交易标的  : STX/USDT:USDT
2026-09-22 23:16:43,440 | INFO     | stx_quant.main |   BTC 参照  : BTC/USDT:USDT
2026-09-22 23:16:43,440 | INFO     | stx_quant.main |   杠杆      : 1x (系统强制)
2026-09-22 23:16:43,440 | INFO     | stx_quant.main |   风险比例  : 1.00% / 笔
2026-09-22 23:16:43,440 | INFO     | stx_quant.main |   止损/止盈 : 2.00% / 4.00%
2026-09-22 23:16:43,440 | INFO     | stx_quant.main |   轮询间隔  : 60 秒
2026-09-22 23:16:43,440 | INFO     | stx_quant.main | ========================================================================
2026-09-22 23:16:43,461 | INFO     | stx_quant.state_store | StateStore 初始化完成 | 路径=data/stx_bot.db
2026-09-22 23:16:43,461 | INFO     | stx_quant.notifier | Notifier 未配置任何渠道，将仅记录到日志
2026-09-22 23:16:43,461 | INFO     | stx_quant.strategy | 策略初始化完成 | 交易所=okx | 模式=paper | 标的=STX/USDT:USDT
2026-09-22 23:16:51,264 | INFO     | stx_quant.precision | 已加载市场元数据 | symbol=STX/USDT:USDT | 最小数量=0.1 | 最小名义=None
2026-09-22 23:16:51,264 | INFO     | stx_quant.risk_manager | Paper 账户初始化完成，初始资金 = 300.00 USDT
2026-09-22 23:16:51,264 | INFO     | stx_quant.risk_manager | 风险管理器初始化完成 | 模式=paper
2026-09-22 23:16:51,264 | INFO     | stx_quant.data_fetcher | MarketDataFetcher 初始化完成 | 交易所=okx | 模式=paper
2026-09-22 23:16:51,264 | INFO     | stx_quant.notifier | [NOTIFY] STX Bot 已启动 | 模式=PAPER | 交易所=okx | 标的=STX/USDT:USDT
2026-09-22 23:16:51,264 | INFO     | stx_quant.main | 主循环启动，按 Ctrl+C 可优雅退出
2026-09-22 23:17:03,021 | INFO     | stx_quant.strategy | 信号生成完成 | side=long | score=0.4041
2026-09-22 23:17:03,021 | INFO     | stx_quant.risk_manager | 新交易日开始，重置每日熔断统计，起始权益=300.00
2026-09-22 23:17:03,030 | INFO     | stx_quant.risk_manager | 仓位计算 | 权益=300.00 | 风险金额=3.00 | 数量=259.6653 | 止损=0.3397 | 止盈=0.3605
2026-09-22 23:17:03,030 | INFO     | stx_quant.risk_manager | 精度对齐完成 | 数量=259.60000000 | 止损=0.33970000 | 止盈=0.36050000
2026-09-22 23:17:03,030 | INFO     | stx_quant.risk_manager | [PAPER] 开仓 long | 数量=259.6000 | 价格=0.3466 | 止损=0.3397 | 止盈=0.3605 | 手续费=0.0450
2026-09-22 23:17:03,030 | INFO     | stx_quant.notifier | [NOTIFY] [PAPER] 开仓 LONG | 数量=259.6000 | 价格=0.3466 | 止损=0.3397 | 止盈=0.3605
2026-09-22 23:17:03,030 | INFO     | stx_quant.main | [#1] 价格=0.3466 | 动作=opened           | 方向=long  | 得分=+0.404 | 权益=299.96 | 综合得分 0.404 >= 阈值 0.35，看多
2026-09-22 23:18:10,578 | INFO     | stx_quant.strategy | 信号生成完成 | side=flat | score=0.2474
2026-09-22 23:18:10,578 | INFO     | stx_quant.main | [#2] 价格=0.3465 | 动作=hold             | 方向=flat  | 得分=+0.247 | 权益=299.93 | 已持仓，继续监控止损止盈
2026-09-22 23:19:18,985 | INFO     | stx_quant.strategy | 信号生成完成 | side=flat | score=0.2475
2026-09-22 23:19:18,985 | INFO     | stx_quant.main | [#3] 价格=0.3460 | 动作=hold             | 方向=flat  | 得分=+0.248 | 权益=299.80 | 已持仓，继续监控止损止盈
2026-09-22 23:20:26,668 | INFO     | stx_quant.strategy | 信号生成完成 | side=long | score=0.4039
2026-09-22 23:20:26,668 | INFO     | stx_quant.main | [#4] 价格=0.3470 | 动作=hold             | 方向=long  | 得分=+0.404 | 权益=300.06 | 已持仓，继续监控止损止盈
2026-09-22 23:21:34,993 | INFO     | stx_quant.strategy | 信号生成完成 | side=long | score=0.4036
2026-09-22 23:21:34,993 | INFO     | stx_quant.main | [#5] 价格=0.3476 | 动作=hold             | 方向=long  | 得分=+0.404 | 权益=300.21 | 已持仓，继续监控止损止盈
2026-09-22 23:22:42,612 | INFO     | stx_quant.strategy | 信号生成完成 | side=long | score=0.4038
2026-09-22 23:22:42,613 | INFO     | stx_quant.main | [#6] 价格=0.3473 | 动作=hold             | 方向=long  | 得分=+0.404 | 权益=300.14 | 已持仓，继续监控止损止盈
2026-09-22 23:23:50,766 | INFO     | stx_quant.strategy | 信号生成完成 | side=long | score=0.4037
2026-09-22 23:23:50,766 | INFO     | stx_quant.main | [#7] 价格=0.3475 | 动作=hold             | 方向=long  | 得分=+0.404 | 权益=300.19 | 已持仓，继续监控止损止盈
2026-09-22 23:24:59,098 | INFO     | stx_quant.strategy | 信号生成完成 | side=long | score=0.4043
2026-09-22 23:24:59,098 | INFO     | stx_quant.main | [#8] 价格=0.3463 | 动作=hold             | 方向=long  | 得分=+0.404 | 权益=299.88 | 已持仓，继续监控止损止盈
2026-09-22 23:26:10,958 | INFO     | stx_quant.strategy | 信号生成完成 | side=flat | score=0.3416
2026-09-22 23:26:10,958 | INFO     | stx_quant.main | [#9] 价格=0.3463 | 动作=hold             | 方向=flat  | 得分=+0.342 | 权益=299.88 | 已持仓，继续监控止损止盈
2026-09-22 23:27:19,617 | INFO     | stx_quant.strategy | 信号生成完成 | side=flat | score=0.3416
2026-09-22 23:27:19,617 | INFO     | stx_quant.main | [#10] 价格=0.3459 | 动作=hold             | 方向=flat  | 得分=+0.342 | 权益=299.77 | 已持仓，继续监控止损止盈
2026-09-22 23:28:27,835 | INFO     | stx_quant.strategy | 信号生成完成 | side=flat | score=0.2794
2026-09-22 23:28:27,835 | INFO     | stx_quant.main | [#11] 价格=0.3452 | 动作=hold             | 方向=flat  | 得分=+0.279 | 权益=299.59 | 已持仓，继续监控止损止盈
2026-09-22 23:29:36,532 | INFO     | stx_quant.strategy | 信号生成完成 | side=flat | score=0.2793
2026-09-22 23:29:36,532 | INFO     | stx_quant.main | [#12] 价格=0.3451 | 动作=hold             | 方向=flat  | 得分=+0.279 | 权益=299.57 | 已持仓，继续监控止损止盈
2026-09-22 23:30:47,348 | INFO     | stx_quant.strategy | 信号生成完成 | side=flat | score=0.2793
2026-09-22 23:30:47,348 | INFO     | stx_quant.main | [#13] 价格=0.3448 | 动作=hold             | 方向=flat  | 得分=+0.279 | 权益=299.49 | 已持仓，继续监控止损止盈
2026-09-22 23:31:56,179 | INFO     | stx_quant.strategy | 信号生成完成 | side=flat | score=0.2795
2026-09-22 23:31:56,179 | INFO     | stx_quant.main | [#14] 价格=0.3448 | 动作=hold             | 方向=flat  | 得分=+0.280 | 权益=299.49 | 已持仓，继续监控止损止盈
2026-09-22 23:33:04,142 | INFO     | stx_quant.strategy | 信号生成完成 | side=flat | score=0.2796
2026-09-22 23:33:04,142 | INFO     | stx_quant.main | [#15] 价格=0.3447 | 动作=hold             | 方向=flat  | 得分=+0.280 | 权益=299.46 | 已持仓，继续监控止损止盈
2026-09-22 23:34:14,067 | INFO     | stx_quant.strategy | 信号生成完成 | side=flat | score=0.2797
2026-09-22 23:34:14,067 | INFO     | stx_quant.main | [#16] 价格=0.3445 | 动作=hold             | 方向=flat  | 得分=+0.280 | 权益=299.41 | 已持仓，继续监控止损止盈
2026-09-22 23:35:14,082 | INFO     | stx_quant.main | 收到系统信号 2，准备优雅退出
2026-09-22 23:35:14,082 | INFO     | stx_quant.main | 主循环已退出，正在生成最终统计...
2026-09-22 23:35:14,082 | INFO     | stx_quant.main | 统计 | 总交易=0 | 胜率=0.00% | 总盈亏=0.00 USDT | 平均每笔=0.0000 USDT
2026-09-22 23:35:14,082 | INFO     | stx_quant.main | 持久化累计统计 | 总交易=0 | 胜率=0.00% | 总盈亏=0.00
2026-09-22 23:35:14,082 | INFO     | stx_quant.notifier | [NOTIFY] STX Bot 已优雅退出。
2026-09-22 23:35:14,095 | INFO     | stx_quant.main | STX 交易机器人已停止。
2026-09-23 12:50:18,272 | INFO     | stx_quant | 日志系统初始化完成 | 级别=INFO | 目录=logs
2026-09-23 12:50:18,272 | INFO     | stx_quant.main | ========================================================================
2026-09-23 12:50:18,272 | INFO     | stx_quant.main | STX/USDT 永续合约交易机器人
2026-09-23 12:50:18,272 | INFO     | stx_quant.main |   运行模式  : PAPER
2026-09-23 12:50:18,272 | INFO     | stx_quant.main |   交易所    : okx
2026-09-23 12:50:18,272 | INFO     | stx_quant.main |   测试网    : NO
2026-09-23 12:50:18,272 | INFO     | stx_quant.main |   交易标的  : STX/USDT:USDT
2026-09-23 12:50:18,272 | INFO     | stx_quant.main |   BTC 参照  : BTC/USDT:USDT
2026-09-23 12:50:18,272 | INFO     | stx_quant.main |   杠杆      : 1x (系统强制)
2026-09-23 12:54:20,104 | INFO     | stx_quant | 日志系统初始化完成 | 级别=INFO | 目录=logs
2026-09-23 12:54:20,104 | INFO     | stx_quant.main | ========================================================================
2026-09-23 12:54:20,104 | INFO     | stx_quant.main | STX/USDT 永续合约交易机器人
2026-09-23 12:54:20,104 | INFO     | stx_quant.main |   运行模式  : PAPER
2026-09-23 12:54:20,104 | INFO     | stx_quant.main |   交易所    : okx
2026-09-23 12:54:20,104 | INFO     | stx_quant.main |   测试网    : NO
2026-09-23 12:54:20,104 | INFO     | stx_quant.main |   交易标的  : STX/USDT:USDT
2026-09-23 12:54:20,114 | INFO     | stx_quant.main |   BTC 参照  : BTC/USDT:USDT
2026-09-23 12:54:20,114 | INFO     | stx_quant.main |   杠杆      : 1x (系统强制)
2026-09-23 12:54:20,114 | INFO     | stx_quant.main |   风险比例  : 0.80% - 1.20% / 笔
2026-09-23 13:01:20,997 | INFO     | stx_quant | 日志系统初始化完成 | 级别=INFO | 目录=logs
2026-09-23 13:01:20,997 | INFO     | stx_quant.main | ========================================================================
2026-09-23 13:01:20,997 | INFO     | stx_quant.main | STX/USDT 永续合约交易机器人
2026-09-23 13:01:20,997 | INFO     | stx_quant.main |   运行模式  : PAPER
2026-09-23 13:01:20,997 | INFO     | stx_quant.main |   交易所    : okx
2026-09-23 13:01:20,997 | INFO     | stx_quant.main |   测试网    : NO
2026-09-23 13:01:20,997 | INFO     | stx_quant.main |   交易标的  : STX/USDT:USDT
2026-09-23 13:01:20,997 | INFO     | stx_quant.main |   BTC 参照  : BTC/USDT:USDT
2026-09-23 13:01:20,997 | INFO     | stx_quant.main |   杠杆      : 1x (系统强制)
2026-09-23 13:01:20,997 | INFO     | stx_quant.main |   风险比例  : 0.80% - 1.20% / 笔
2026-09-23 13:01:20,997 | INFO     | stx_quant.main |   止损/止盈 : ATR x 1.5 / 盈亏比 1:1.5
2026-09-23 13:01:20,997 | INFO     | stx_quant.main |   轮询间隔  : 60 秒
2026-09-23 13:01:20,997 | INFO     | stx_quant.main | ========================================================================
2026-09-23 13:01:21,024 | INFO     | stx_quant.state_store | StateStore 初始化完成 | 路径=data/stx_bot.db
2026-09-23 13:01:21,024 | INFO     | stx_quant.notifier | Notifier 未配置任何渠道，将仅记录到日志
2026-09-23 13:01:27,543 | INFO     | stx_quant.precision | 已加载市场元数据 | symbol=STX/USDT:USDT | 最小数量=0.1 | 最小名义=None
2026-09-23 13:01:27,543 | INFO     | stx_quant.data_fetcher | MarketDataFetcher 初始化完成 | 交易所=okx | 模式=paper
2026-09-23 13:01:27,543 | INFO     | stx_quant.notifier | [NOTIFY] STX Bot 已启动 | 模式=PAPER | 交易所=okx | 标的=STX/USDT:USDT
2026-09-23 13:01:27,543 | INFO     | stx_quant.main | 主循环启动，按 Ctrl+C 可优雅退出
2026-09-23 13:01:35,290 | ERROR    | stx_quant.main | [#1] 迭代执行异常（继续运行）: 'RiskManager' object has no attribute 'is_trading_halted'
Traceback (most recent call last):
  File "D:\Projects\stx-bot\main.py", line 188, in main
    summary = executor.run_once()
              ^^^^^^^^^^^^^^^^^^^
  File "D:\Projects\stx-bot\executor.py", line 38, in run_once
    if self.risk_manager.is_trading_halted():
       ^^^^^^^^^^^^^^^^^^^^^^^^^^^^^^^^^^^
AttributeError: 'RiskManager' object has no attribute 'is_trading_halted'. Did you mean: '_trading_halted'?
2026-09-23 13:02:35,707 | ERROR    | stx_quant.main | [#2] 迭代执行异常（继续运行）: 'RiskManager' object has no attribute 'is_trading_halted'
Traceback (most recent call last):
  File "D:\Projects\stx-bot\main.py", line 188, in main
    summary = executor.run_once()
              ^^^^^^^^^^^^^^^^^^^
  File "D:\Projects\stx-bot\executor.py", line 38, in run_once
    if self.risk_manager.is_trading_halted():
       ^^^^^^^^^^^^^^^^^^^^^^^^^^^^^^^^^^^
AttributeError: 'RiskManager' object has no attribute 'is_trading_halted'. Did you mean: '_trading_halted'?
2026-09-23 13:03:36,112 | ERROR    | stx_quant.main | [#3] 迭代执行异常（继续运行）: 'RiskManager' object has no attribute 'is_trading_halted'
Traceback (most recent call last):
  File "D:\Projects\stx-bot\main.py", line 188, in main
    summary = executor.run_once()
              ^^^^^^^^^^^^^^^^^^^
  File "D:\Projects\stx-bot\executor.py", line 38, in run_once
    if self.risk_manager.is_trading_halted():
       ^^^^^^^^^^^^^^^^^^^^^^^^^^^^^^^^^^^
AttributeError: 'RiskManager' object has no attribute 'is_trading_halted'. Did you mean: '_trading_halted'?
2026-09-23 13:04:36,699 | ERROR    | stx_quant.main | [#4] 迭代执行异常（继续运行）: 'RiskManager' object has no attribute 'is_trading_halted'
Traceback (most recent call last):
  File "D:\Projects\stx-bot\main.py", line 188, in main
    summary = executor.run_once()
              ^^^^^^^^^^^^^^^^^^^
  File "D:\Projects\stx-bot\executor.py", line 38, in run_once
    if self.risk_manager.is_trading_halted():
       ^^^^^^^^^^^^^^^^^^^^^^^^^^^^^^^^^^^
AttributeError: 'RiskManager' object has no attribute 'is_trading_halted'. Did you mean: '_trading_halted'?
2026-09-23 13:05:37,091 | ERROR    | stx_quant.main | [#5] 迭代执行异常（继续运行）: 'RiskManager' object has no attribute 'is_trading_halted'
Traceback (most recent call last):
  File "D:\Projects\stx-bot\main.py", line 188, in main
    summary = executor.run_once()
              ^^^^^^^^^^^^^^^^^^^
  File "D:\Projects\stx-bot\executor.py", line 38, in run_once
    if self.risk_manager.is_trading_halted():
       ^^^^^^^^^^^^^^^^^^^^^^^^^^^^^^^^^^^
AttributeError: 'RiskManager' object has no attribute 'is_trading_halted'. Did you mean: '_trading_halted'?
2026-09-23 13:06:37,525 | ERROR    | stx_quant.main | [#6] 迭代执行异常（继续运行）: 'RiskManager' object has no attribute 'is_trading_halted'
Traceback (most recent call last):
  File "D:\Projects\stx-bot\main.py", line 188, in main
    summary = executor.run_once()
              ^^^^^^^^^^^^^^^^^^^
  File "D:\Projects\stx-bot\executor.py", line 38, in run_once
    if self.risk_manager.is_trading_halted():
       ^^^^^^^^^^^^^^^^^^^^^^^^^^^^^^^^^^^
AttributeError: 'RiskManager' object has no attribute 'is_trading_halted'. Did you mean: '_trading_halted'?
2026-09-23 13:07:38,249 | ERROR    | stx_quant.main | [#7] 迭代执行异常（继续运行）: 'RiskManager' object has no attribute 'is_trading_halted'
Traceback (most recent call last):
  File "D:\Projects\stx-bot\main.py", line 188, in main
    summary = executor.run_once()
              ^^^^^^^^^^^^^^^^^^^
  File "D:\Projects\stx-bot\executor.py", line 38, in run_once
    if self.risk_manager.is_trading_halted():
       ^^^^^^^^^^^^^^^^^^^^^^^^^^^^^^^^^^^
AttributeError: 'RiskManager' object has no attribute 'is_trading_halted'. Did you mean: '_trading_halted'?
2026-09-23 13:08:38,610 | ERROR    | stx_quant.main | [#8] 迭代执行异常（继续运行）: 'RiskManager' object has no attribute 'is_trading_halted'
Traceback (most recent call last):
  File "D:\Projects\stx-bot\main.py", line 188, in main
    summary = executor.run_once()
              ^^^^^^^^^^^^^^^^^^^
  File "D:\Projects\stx-bot\executor.py", line 38, in run_once
    if self.risk_manager.is_trading_halted():
       ^^^^^^^^^^^^^^^^^^^^^^^^^^^^^^^^^^^
AttributeError: 'RiskManager' object has no attribute 'is_trading_halted'. Did you mean: '_trading_halted'?
2026-09-23 13:09:38,973 | ERROR    | stx_quant.main | [#9] 迭代执行异常（继续运行）: 'RiskManager' object has no attribute 'is_trading_halted'
Traceback (most recent call last):
  File "D:\Projects\stx-bot\main.py", line 188, in main
    summary = executor.run_once()
              ^^^^^^^^^^^^^^^^^^^
  File "D:\Projects\stx-bot\executor.py", line 38, in run_once
    if self.risk_manager.is_trading_halted():
       ^^^^^^^^^^^^^^^^^^^^^^^^^^^^^^^^^^^
AttributeError: 'RiskManager' object has no attribute 'is_trading_halted'. Did you mean: '_trading_halted'?
2026-09-23 13:10:39,327 | ERROR    | stx_quant.main | [#10] 迭代执行异常（继续运行）: 'RiskManager' object has no attribute 'is_trading_halted'
Traceback (most recent call last):
  File "D:\Projects\stx-bot\main.py", line 188, in main
    summary = executor.run_once()
              ^^^^^^^^^^^^^^^^^^^
  File "D:\Projects\stx-bot\executor.py", line 38, in run_once
    if self.risk_manager.is_trading_halted():
       ^^^^^^^^^^^^^^^^^^^^^^^^^^^^^^^^^^^
AttributeError: 'RiskManager' object has no attribute 'is_trading_halted'. Did you mean: '_trading_halted'?
2026-09-23 13:10:39,330 | ERROR    | stx_quant.notifier | [NOTIFY] 主循环异常（第 10 轮）：'RiskManager' object has no attribute 'is_trading_halted'
2026-09-23 13:11:39,694 | ERROR    | stx_quant.main | [#11] 迭代执行异常（继续运行）: 'RiskManager' object has no attribute 'is_trading_halted'
Traceback (most recent call last):
  File "D:\Projects\stx-bot\main.py", line 188, in main
    summary = executor.run_once()
              ^^^^^^^^^^^^^^^^^^^
  File "D:\Projects\stx-bot\executor.py", line 38, in run_once
    if self.risk_manager.is_trading_halted():
       ^^^^^^^^^^^^^^^^^^^^^^^^^^^^^^^^^^^
AttributeError: 'RiskManager' object has no attribute 'is_trading_halted'. Did you mean: '_trading_halted'?
2026-09-23 13:12:40,046 | ERROR    | stx_quant.main | [#12] 迭代执行异常（继续运行）: 'RiskManager' object has no attribute 'is_trading_halted'
Traceback (most recent call last):
  File "D:\Projects\stx-bot\main.py", line 188, in main
    summary = executor.run_once()
              ^^^^^^^^^^^^^^^^^^^
  File "D:\Projects\stx-bot\executor.py", line 38, in run_once
    if self.risk_manager.is_trading_halted():
       ^^^^^^^^^^^^^^^^^^^^^^^^^^^^^^^^^^^
AttributeError: 'RiskManager' object has no attribute 'is_trading_halted'. Did you mean: '_trading_halted'?
2026-09-23 13:13:40,399 | ERROR    | stx_quant.main | [#13] 迭代执行异常（继续运行）: 'RiskManager' object has no attribute 'is_trading_halted'
Traceback (most recent call last):
  File "D:\Projects\stx-bot\main.py", line 188, in main
    summary = executor.run_once()
              ^^^^^^^^^^^^^^^^^^^
  File "D:\Projects\stx-bot\executor.py", line 38, in run_once
    if self.risk_manager.is_trading_halted():
       ^^^^^^^^^^^^^^^^^^^^^^^^^^^^^^^^^^^
AttributeError: 'RiskManager' object has no attribute 'is_trading_halted'. Did you mean: '_trading_halted'?
2026-09-23 13:14:40,785 | ERROR    | stx_quant.main | [#14] 迭代执行异常（继续运行）: 'RiskManager' object has no attribute 'is_trading_halted'
Traceback (most recent call last):
  File "D:\Projects\stx-bot\main.py", line 188, in main
    summary = executor.run_once()
              ^^^^^^^^^^^^^^^^^^^
  File "D:\Projects\stx-bot\executor.py", line 38, in run_once
    if self.risk_manager.is_trading_halted():
       ^^^^^^^^^^^^^^^^^^^^^^^^^^^^^^^^^^^
AttributeError: 'RiskManager' object has no attribute 'is_trading_halted'. Did you mean: '_trading_halted'?
2026-09-23 13:15:41,166 | ERROR    | stx_quant.main | [#15] 迭代执行异常（继续运行）: 'RiskManager' object has no attribute 'is_trading_halted'
Traceback (most recent call last):
  File "D:\Projects\stx-bot\main.py", line 188, in main
    summary = executor.run_once()
              ^^^^^^^^^^^^^^^^^^^
  File "D:\Projects\stx-bot\executor.py", line 38, in run_once
    if self.risk_manager.is_trading_halted():
       ^^^^^^^^^^^^^^^^^^^^^^^^^^^^^^^^^^^
AttributeError: 'RiskManager' object has no attribute 'is_trading_halted'. Did you mean: '_trading_halted'?
2026-09-23 13:16:41,554 | ERROR    | stx_quant.main | [#16] 迭代执行异常（继续运行）: 'RiskManager' object has no attribute 'is_trading_halted'
Traceback (most recent call last):
  File "D:\Projects\stx-bot\main.py", line 188, in main
    summary = executor.run_once()
              ^^^^^^^^^^^^^^^^^^^
  File "D:\Projects\stx-bot\executor.py", line 38, in run_once
    if self.risk_manager.is_trading_halted():
       ^^^^^^^^^^^^^^^^^^^^^^^^^^^^^^^^^^^
AttributeError: 'RiskManager' object has no attribute 'is_trading_halted'. Did you mean: '_trading_halted'?
2026-09-23 13:17:41,947 | ERROR    | stx_quant.main | [#17] 迭代执行异常（继续运行）: 'RiskManager' object has no attribute 'is_trading_halted'
Traceback (most recent call last):
  File "D:\Projects\stx-bot\main.py", line 188, in main
    summary = executor.run_once()
              ^^^^^^^^^^^^^^^^^^^
  File "D:\Projects\stx-bot\executor.py", line 38, in run_once
    if self.risk_manager.is_trading_halted():
       ^^^^^^^^^^^^^^^^^^^^^^^^^^^^^^^^^^^
AttributeError: 'RiskManager' object has no attribute 'is_trading_halted'. Did you mean: '_trading_halted'?
2026-09-23 13:18:42,329 | ERROR    | stx_quant.main | [#18] 迭代执行异常（继续运行）: 'RiskManager' object has no attribute 'is_trading_halted'
Traceback (most recent call last):
  File "D:\Projects\stx-bot\main.py", line 188, in main
    summary = executor.run_once()
              ^^^^^^^^^^^^^^^^^^^
  File "D:\Projects\stx-bot\executor.py", line 38, in run_once
    if self.risk_manager.is_trading_halted():
       ^^^^^^^^^^^^^^^^^^^^^^^^^^^^^^^^^^^
AttributeError: 'RiskManager' object has no attribute 'is_trading_halted'. Did you mean: '_trading_halted'?
2026-09-23 13:19:42,698 | ERROR    | stx_quant.main | [#19] 迭代执行异常（继续运行）: 'RiskManager' object has no attribute 'is_trading_halted'
Traceback (most recent call last):
  File "D:\Projects\stx-bot\main.py", line 188, in main
    summary = executor.run_once()
              ^^^^^^^^^^^^^^^^^^^
  File "D:\Projects\stx-bot\executor.py", line 38, in run_once
    if self.risk_manager.is_trading_halted():
       ^^^^^^^^^^^^^^^^^^^^^^^^^^^^^^^^^^^
AttributeError: 'RiskManager' object has no attribute 'is_trading_halted'. Did you mean: '_trading_halted'?
2026-09-23 13:20:43,070 | ERROR    | stx_quant.main | [#20] 迭代执行异常（继续运行）: 'RiskManager' object has no attribute 'is_trading_halted'
Traceback (most recent call last):
  File "D:\Projects\stx-bot\main.py", line 188, in main
    summary = executor.run_once()
              ^^^^^^^^^^^^^^^^^^^
  File "D:\Projects\stx-bot\executor.py", line 38, in run_once
    if self.risk_manager.is_trading_halted():
       ^^^^^^^^^^^^^^^^^^^^^^^^^^^^^^^^^^^
AttributeError: 'RiskManager' object has no attribute 'is_trading_halted'. Did you mean: '_trading_halted'?
2026-09-23 13:20:43,070 | ERROR    | stx_quant.notifier | [NOTIFY] 主循环异常（第 20 轮）：'RiskManager' object has no attribute 'is_trading_halted'
2026-09-23 13:21:43,439 | ERROR    | stx_quant.main | [#21] 迭代执行异常（继续运行）: 'RiskManager' object has no attribute 'is_trading_halted'
Traceback (most recent call last):
  File "D:\Projects\stx-bot\main.py", line 188, in main
    summary = executor.run_once()
              ^^^^^^^^^^^^^^^^^^^
  File "D:\Projects\stx-bot\executor.py", line 38, in run_once
    if self.risk_manager.is_trading_halted():
       ^^^^^^^^^^^^^^^^^^^^^^^^^^^^^^^^^^^
AttributeError: 'RiskManager' object has no attribute 'is_trading_halted'. Did you mean: '_trading_halted'?
2026-09-23 13:22:43,817 | ERROR    | stx_quant.main | [#22] 迭代执行异常（继续运行）: 'RiskManager' object has no attribute 'is_trading_halted'
Traceback (most recent call last):
  File "D:\Projects\stx-bot\main.py", line 188, in main
    summary = executor.run_once()
              ^^^^^^^^^^^^^^^^^^^
  File "D:\Projects\stx-bot\executor.py", line 38, in run_once
    if self.risk_manager.is_trading_halted():
       ^^^^^^^^^^^^^^^^^^^^^^^^^^^^^^^^^^^
AttributeError: 'RiskManager' object has no attribute 'is_trading_halted'. Did you mean: '_trading_halted'?
2026-09-23 13:23:44,177 | ERROR    | stx_quant.main | [#23] 迭代执行异常（继续运行）: 'RiskManager' object has no attribute 'is_trading_halted'
Traceback (most recent call last):
  File "D:\Projects\stx-bot\main.py", line 188, in main
    summary = executor.run_once()
              ^^^^^^^^^^^^^^^^^^^
  File "D:\Projects\stx-bot\executor.py", line 38, in run_once
    if self.risk_manager.is_trading_halted():
       ^^^^^^^^^^^^^^^^^^^^^^^^^^^^^^^^^^^
AttributeError: 'RiskManager' object has no attribute 'is_trading_halted'. Did you mean: '_trading_halted'?
2026-09-23 13:24:44,794 | ERROR    | stx_quant.main | [#24] 迭代执行异常（继续运行）: 'RiskManager' object has no attribute 'is_trading_halted'
Traceback (most recent call last):
  File "D:\Projects\stx-bot\main.py", line 188, in main
    summary = executor.run_once()
              ^^^^^^^^^^^^^^^^^^^
  File "D:\Projects\stx-bot\executor.py", line 38, in run_once
    if self.risk_manager.is_trading_halted():
       ^^^^^^^^^^^^^^^^^^^^^^^^^^^^^^^^^^^
AttributeError: 'RiskManager' object has no attribute 'is_trading_halted'. Did you mean: '_trading_halted'?
2026-09-23 13:25:45,167 | ERROR    | stx_quant.main | [#25] 迭代执行异常（继续运行）: 'RiskManager' object has no attribute 'is_trading_halted'
Traceback (most recent call last):
  File "D:\Projects\stx-bot\main.py", line 188, in main
    summary = executor.run_once()
              ^^^^^^^^^^^^^^^^^^^
  File "D:\Projects\stx-bot\executor.py", line 38, in run_once
    if self.risk_manager.is_trading_halted():
       ^^^^^^^^^^^^^^^^^^^^^^^^^^^^^^^^^^^
AttributeError: 'RiskManager' object has no attribute 'is_trading_halted'. Did you mean: '_trading_halted'?
2026-09-23 13:26:45,526 | ERROR    | stx_quant.main | [#26] 迭代执行异常（继续运行）: 'RiskManager' object has no attribute 'is_trading_halted'
Traceback (most recent call last):
  File "D:\Projects\stx-bot\main.py", line 188, in main
    summary = executor.run_once()
              ^^^^^^^^^^^^^^^^^^^
  File "D:\Projects\stx-bot\executor.py", line 38, in run_once
    if self.risk_manager.is_trading_halted():
       ^^^^^^^^^^^^^^^^^^^^^^^^^^^^^^^^^^^
AttributeError: 'RiskManager' object has no attribute 'is_trading_halted'. Did you mean: '_trading_halted'?
2026-09-23 13:27:45,907 | ERROR    | stx_quant.main | [#27] 迭代执行异常（继续运行）: 'RiskManager' object has no attribute 'is_trading_halted'
Traceback (most recent call last):
  File "D:\Projects\stx-bot\main.py", line 188, in main
    summary = executor.run_once()
              ^^^^^^^^^^^^^^^^^^^
  File "D:\Projects\stx-bot\executor.py", line 38, in run_once
    if self.risk_manager.is_trading_halted():
       ^^^^^^^^^^^^^^^^^^^^^^^^^^^^^^^^^^^
AttributeError: 'RiskManager' object has no attribute 'is_trading_halted'. Did you mean: '_trading_halted'?
2026-09-23 13:28:46,313 | ERROR    | stx_quant.main | [#28] 迭代执行异常（继续运行）: 'RiskManager' object has no attribute 'is_trading_halted'
Traceback (most recent call last):
  File "D:\Projects\stx-bot\main.py", line 188, in main
    summary = executor.run_once()
              ^^^^^^^^^^^^^^^^^^^
  File "D:\Projects\stx-bot\executor.py", line 38, in run_once
    if self.risk_manager.is_trading_halted():
       ^^^^^^^^^^^^^^^^^^^^^^^^^^^^^^^^^^^
AttributeError: 'RiskManager' object has no attribute 'is_trading_halted'. Did you mean: '_trading_halted'?
2026-09-23 13:29:46,699 | ERROR    | stx_quant.main | [#29] 迭代执行异常（继续运行）: 'RiskManager' object has no attribute 'is_trading_halted'
Traceback (most recent call last):
  File "D:\Projects\stx-bot\main.py", line 188, in main
    summary = executor.run_once()
              ^^^^^^^^^^^^^^^^^^^
  File "D:\Projects\stx-bot\executor.py", line 38, in run_once
    if self.risk_manager.is_trading_halted():
       ^^^^^^^^^^^^^^^^^^^^^^^^^^^^^^^^^^^
AttributeError: 'RiskManager' object has no attribute 'is_trading_halted'. Did you mean: '_trading_halted'?
2026-09-23 13:30:46,706 | INFO     | stx_quant.main | 收到系统信号 2，准备优雅退出
2026-09-23 13:30:46,707 | INFO     | stx_quant.main | 主循环已退出，正在生成最终统计...
2026-09-23 13:30:46,708 | ERROR    | stx_quant.main | 获取统计数据失败: 'RiskManager' object has no attribute 'get_statistics'
2026-09-23 13:30:46,708 | INFO     | stx_quant.notifier | [NOTIFY] STX Bot 已优雅退出。
2026-09-23 13:30:46,713 | INFO     | stx_quant.main | STX 交易机器人已停止。
2026-09-23 14:27:14,048 | INFO     | stx_quant | 日志系统初始化完成 | 级别=INFO | 目录=logs
2026-09-23 14:27:14,048 | INFO     | stx_quant.main | ========================================================================
2026-09-23 14:27:14,048 | INFO     | stx_quant.main | STX/USDT 永续合约交易机器人
2026-09-23 14:27:14,048 | INFO     | stx_quant.main |   运行模式  : PAPER
2026-09-23 14:27:14,049 | INFO     | stx_quant.main |   交易所    : okx
2026-09-23 14:27:14,049 | INFO     | stx_quant.main |   测试网    : NO
2026-09-23 14:27:14,049 | INFO     | stx_quant.main |   交易标的  : STX/USDT:USDT
2026-09-23 14:27:14,049 | INFO     | stx_quant.main |   BTC 参照  : BTC/USDT:USDT
2026-09-23 14:27:14,049 | INFO     | stx_quant.main |   杠杆      : 1x (系统强制)
2026-09-23 14:27:14,049 | INFO     | stx_quant.main |   风险比例  : 0.80% - 1.20% / 笔
2026-09-23 14:27:14,049 | INFO     | stx_quant.main |   止损/止盈 : ATR x 1.5 / 盈亏比 1:1.5
2026-09-23 14:27:14,050 | INFO     | stx_quant.main |   轮询间隔  : 60 秒
2026-09-23 14:27:14,050 | INFO     | stx_quant.main | ========================================================================
2026-09-23 14:27:14,051 | INFO     | stx_quant.state_store | StateStore 初始化完成 | 路径=data/stx_bot.db
2026-09-23 14:27:14,051 | INFO     | stx_quant.notifier | Notifier 未配置任何渠道，将仅记录到日志
2026-09-23 14:27:20,778 | INFO     | stx_quant.precision | 已加载市场元数据 | symbol=STX/USDT:USDT | 最小数量=0.1 | 最小名义=None
2026-09-23 14:27:20,778 | INFO     | stx_quant.data_fetcher | MarketDataFetcher 初始化完成 | 交易所=okx | 模式=paper
2026-09-23 14:27:20,778 | INFO     | stx_quant.notifier | [NOTIFY] STX Bot 已启动 | 模式=PAPER | 交易所=okx | 标的=STX/USDT:USDT
2026-09-23 14:27:20,778 | INFO     | stx_quant.main | 主循环启动，按 Ctrl+C 可优雅退出
2026-09-23 14:27:31,834 | INFO     | stx_quant.main | [#1] 价格=0.3353 | 动作=wait             | 方向=flat  | 得分=+0.000 | 权益=300.00 | 多周期均线排列出现冲突，强制空仓
2026-09-23 14:28:35,163 | INFO     | stx_quant.main | [#2] 价格=0.3352 | 动作=wait             | 方向=flat  | 得分=+0.000 | 权益=300.00 | 多周期均线排列出现冲突，强制空仓
2026-09-23 14:29:38,576 | INFO     | stx_quant.main | [#3] 价格=0.3353 | 动作=wait             | 方向=flat  | 得分=+0.000 | 权益=300.00 | 多周期均线排列出现冲突，强制空仓
2026-09-23 14:30:41,801 | INFO     | stx_quant.main | [#4] 价格=0.3352 | 动作=wait             | 方向=flat  | 得分=+0.000 | 权益=300.00 | 多周期均线排列出现冲突，强制空仓
2026-09-23 14:31:45,594 | INFO     | stx_quant.main | [#5] 价格=0.3347 | 动作=wait             | 方向=flat  | 得分=+0.000 | 权益=300.00 | 多周期均线排列出现冲突，强制空仓
2026-09-23 14:32:49,322 | INFO     | stx_quant.main | [#6] 价格=0.3351 | 动作=wait             | 方向=flat  | 得分=+0.000 | 权益=300.00 | 多周期均线排列出现冲突，强制空仓
2026-09-23 14:33:49,333 | INFO     | stx_quant.main | 收到系统信号 2，准备优雅退出
2026-09-23 14:33:49,333 | INFO     | stx_quant.main | 主循环已退出，正在生成最终统计...
2026-09-23 14:33:49,333 | ERROR    | stx_quant.main | 获取统计数据失败: 'RiskManager' object has no attribute 'get_statistics'
2026-09-23 14:33:49,333 | INFO     | stx_quant.notifier | [NOTIFY] STX Bot 已优雅退出。
2026-09-23 14:33:49,340 | INFO     | stx_quant.main | STX 交易机器人已停止。
2026-09-23 14:36:25,955 | INFO     | stx_quant | 日志系统初始化完成 | 级别=INFO | 目录=logs
2026-09-23 14:36:25,955 | INFO     | stx_quant.main | ========================================================================
2026-09-23 14:36:25,955 | INFO     | stx_quant.main | STX/USDT 永续合约交易机器人
2026-09-23 14:36:25,955 | INFO     | stx_quant.main |   运行模式  : PAPER
2026-09-23 14:36:25,955 | INFO     | stx_quant.main |   交易所    : okx
2026-09-23 14:36:25,955 | INFO     | stx_quant.main |   测试网    : NO
2026-09-23 14:36:25,955 | INFO     | stx_quant.main |   交易标的  : STX/USDT:USDT
2026-09-23 14:36:25,955 | INFO     | stx_quant.main |   BTC 参照  : BTC/USDT:USDT
2026-09-23 14:36:25,955 | INFO     | stx_quant.main |   杠杆      : 1x (系统强制)
2026-09-23 14:36:25,955 | INFO     | stx_quant.main |   风险比例  : 0.80% - 1.20% / 笔
2026-09-23 14:36:25,955 | INFO     | stx_quant.main |   止损/止盈 : ATR x 1.5 / 盈亏比 1:1.5
2026-09-23 14:36:25,955 | INFO     | stx_quant.main |   轮询间隔  : 60 秒
2026-09-23 14:36:25,970 | INFO     | stx_quant.main | ========================================================================
2026-09-23 14:36:25,970 | INFO     | stx_quant.state_store | StateStore 初始化完成 | 路径=data/stx_bot.db
2026-09-23 14:36:25,970 | INFO     | stx_quant.notifier | Notifier 未配置任何渠道，将仅记录到日志
2026-09-23 14:36:30,264 | INFO     | stx_quant.precision | 已加载市场元数据 | symbol=STX/USDT:USDT | 最小数量=0.1 | 最小名义=None
2026-09-23 14:36:30,280 | INFO     | stx_quant.data_fetcher | MarketDataFetcher 初始化完成 | 交易所=okx | 模式=paper
2026-09-23 14:36:30,280 | INFO     | stx_quant.notifier | [NOTIFY] STX Bot 已启动 | 模式=PAPER | 交易所=okx | 标的=STX/USDT:USDT
2026-09-23 14:36:30,280 | INFO     | stx_quant.main | 主循环启动，按 Ctrl+C 可优雅退出
2026-09-23 14:36:37,426 | INFO     | stx_quant.main | [#1] 价格=0.3350 | 动作=wait             | 方向=flat  | 得分=+0.000 | 权益=300.00 | 多周期均线排列出现冲突，强制空仓
2026-09-23 14:37:40,115 | INFO     | stx_quant.main | [#2] 价格=0.3350 | 动作=wait             | 方向=flat  | 得分=+0.000 | 权益=300.00 | 多周期均线排列出现冲突，强制空仓
2026-09-23 14:38:42,888 | INFO     | stx_quant.main | [#3] 价格=0.3354 | 动作=wait             | 方向=flat  | 得分=+0.000 | 权益=300.00 | 多周期均线排列出现冲突，强制空仓
2026-09-23 14:39:45,663 | INFO     | stx_quant.main | [#4] 价格=0.3352 | 动作=wait             | 方向=flat  | 得分=+0.000 | 权益=300.00 | 多周期均线排列出现冲突，强制空仓
2026-09-23 14:40:48,305 | INFO     | stx_quant.main | [#5] 价格=0.3351 | 动作=wait             | 方向=flat  | 得分=+0.000 | 权益=300.00 | 多周期均线排列出现冲突，强制空仓
2026-09-23 14:41:50,892 | INFO     | stx_quant.main | [#6] 价格=0.3353 | 动作=wait             | 方向=flat  | 得分=+0.000 | 权益=300.00 | 多周期均线排列出现冲突，强制空仓
2026-09-23 14:42:53,561 | INFO     | stx_quant.main | [#7] 价格=0.3355 | 动作=wait             | 方向=flat  | 得分=+0.000 | 权益=300.00 | 多周期均线排列出现冲突，强制空仓
2026-09-23 14:43:56,280 | INFO     | stx_quant.main | [#8] 价格=0.3348 | 动作=wait             | 方向=flat  | 得分=+0.000 | 权益=300.00 | 多周期均线排列出现冲突，强制空仓
2026-09-23 14:44:59,136 | INFO     | stx_quant.main | [#9] 价格=0.3347 | 动作=wait             | 方向=flat  | 得分=+0.000 | 权益=300.00 | 多周期均线排列出现冲突，强制空仓
2026-09-23 14:46:01,815 | INFO     | stx_quant.main | [#10] 价格=0.3352 | 动作=wait             | 方向=flat  | 得分=+0.000 | 权益=300.00 | 多周期均线排列出现冲突，强制空仓
2026-09-23 14:47:04,490 | INFO     | stx_quant.main | [#11] 价格=0.3352 | 动作=wait             | 方向=flat  | 得分=+0.000 | 权益=300.00 | 多周期均线排列出现冲突，强制空仓
2026-09-23 14:48:07,864 | INFO     | stx_quant.main | [#12] 价格=0.3349 | 动作=wait             | 方向=flat  | 得分=+0.000 | 权益=300.00 | 多周期均线排列出现冲突，强制空仓
2026-09-23 14:49:10,522 | INFO     | stx_quant.main | [#13] 价格=0.3346 | 动作=wait             | 方向=flat  | 得分=+0.000 | 权益=300.00 | 多周期均线排列出现冲突，强制空仓
2026-09-23 14:50:13,223 | INFO     | stx_quant.main | [#14] 价格=0.3343 | 动作=wait             | 方向=flat  | 得分=+0.000 | 权益=300.00 | 多周期均线排列出现冲突，强制空仓
2026-09-23 14:51:15,840 | INFO     | stx_quant.main | [#15] 价格=0.3343 | 动作=wait             | 方向=flat  | 得分=+0.000 | 权益=300.00 | 多周期均线排列出现冲突，强制空仓
2026-09-23 14:52:18,430 | INFO     | stx_quant.main | [#16] 价格=0.3341 | 动作=wait             | 方向=flat  | 得分=+0.000 | 权益=300.00 | 多周期均线排列出现冲突，强制空仓
2026-09-23 14:53:21,103 | INFO     | stx_quant.main | [#17] 价格=0.3340 | 动作=wait             | 方向=flat  | 得分=+0.000 | 权益=300.00 | 多周期均线排列出现冲突，强制空仓
2026-09-23 14:54:23,885 | INFO     | stx_quant.main | [#18] 价格=0.3338 | 动作=wait             | 方向=flat  | 得分=+0.000 | 权益=300.00 | 多周期均线排列出现冲突，强制空仓
2026-09-23 14:55:26,769 | INFO     | stx_quant.main | [#19] 价格=0.3338 | 动作=wait             | 方向=flat  | 得分=+0.000 | 权益=300.00 | 多周期均线排列出现冲突，强制空仓
2026-09-23 14:56:29,523 | INFO     | stx_quant.main | [#20] 价格=0.3340 | 动作=wait             | 方向=flat  | 得分=+0.000 | 权益=300.00 | 多周期均线排列出现冲突，强制空仓
2026-09-23 14:57:32,190 | INFO     | stx_quant.main | [#21] 价格=0.3341 | 动作=wait             | 方向=flat  | 得分=+0.000 | 权益=300.00 | 多周期均线排列出现冲突，强制空仓
2026-09-23 14:58:34,787 | INFO     | stx_quant.main | [#22] 价格=0.3343 | 动作=wait             | 方向=flat  | 得分=+0.000 | 权益=300.00 | 多周期均线排列出现冲突，强制空仓
2026-09-23 14:59:37,551 | INFO     | stx_quant.main | [#23] 价格=0.3343 | 动作=wait             | 方向=flat  | 得分=+0.000 | 权益=300.00 | 多周期均线排列出现冲突，强制空仓
2026-09-23 15:00:40,341 | INFO     | stx_quant.main | [#24] 价格=0.3340 | 动作=wait             | 方向=flat  | 得分=+0.000 | 权益=300.00 | 多周期均线排列出现冲突，强制空仓
2026-09-23 15:01:43,113 | INFO     | stx_quant.main | [#25] 价格=0.3337 | 动作=wait             | 方向=flat  | 得分=+0.000 | 权益=300.00 | 多周期均线排列出现冲突，强制空仓
2026-09-23 15:02:45,731 | INFO     | stx_quant.main | [#26] 价格=0.3326 | 动作=wait             | 方向=flat  | 得分=+0.000 | 权益=300.00 | 多周期均线排列出现冲突，强制空仓
2026-09-23 15:03:48,352 | INFO     | stx_quant.main | [#27] 价格=0.3336 | 动作=wait             | 方向=flat  | 得分=+0.000 | 权益=300.00 | 多周期均线排列出现冲突，强制空仓
2026-09-23 15:04:51,120 | INFO     | stx_quant.main | [#28] 价格=0.3335 | 动作=wait             | 方向=flat  | 得分=+0.000 | 权益=300.00 | 多周期均线排列出现冲突，强制空仓
2026-09-23 15:05:53,886 | INFO     | stx_quant.main | [#29] 价格=0.3335 | 动作=wait             | 方向=flat  | 得分=+0.000 | 权益=300.00 | 多周期均线排列出现冲突，强制空仓
2026-09-23 15:06:56,507 | INFO     | stx_quant.main | [#30] 价格=0.3330 | 动作=wait             | 方向=flat  | 得分=+0.000 | 权益=300.00 | 多周期均线排列出现冲突，强制空仓
2026-09-23 15:07:59,252 | INFO     | stx_quant.main | [#31] 价格=0.3335 | 动作=wait             | 方向=flat  | 得分=+0.000 | 权益=300.00 | 多周期均线排列出现冲突，强制空仓
2026-09-23 15:09:02,060 | INFO     | stx_quant.main | [#32] 价格=0.3345 | 动作=wait             | 方向=flat  | 得分=+0.000 | 权益=300.00 | 多周期均线排列出现冲突，强制空仓
2026-09-23 15:10:04,855 | INFO     | stx_quant.main | [#33] 价格=0.3335 | 动作=wait             | 方向=flat  | 得分=+0.000 | 权益=300.00 | 多周期均线排列出现冲突，强制空仓
2026-09-23 15:11:07,501 | INFO     | stx_quant.main | [#34] 价格=0.3338 | 动作=wait             | 方向=flat  | 得分=+0.000 | 权益=300.00 | 多周期均线排列出现冲突，强制空仓
2026-09-23 15:12:10,112 | INFO     | stx_quant.main | [#35] 价格=0.3336 | 动作=wait             | 方向=flat  | 得分=+0.000 | 权益=300.00 | 多周期均线排列出现冲突，强制空仓
2026-09-23 15:13:12,717 | INFO     | stx_quant.main | [#36] 价格=0.3341 | 动作=wait             | 方向=flat  | 得分=+0.000 | 权益=300.00 | 多周期均线排列出现冲突，强制空仓
2026-09-23 15:14:15,364 | INFO     | stx_quant.main | [#37] 价格=0.3343 | 动作=wait             | 方向=flat  | 得分=+0.000 | 权益=300.00 | 多周期均线排列出现冲突，强制空仓
2026-09-23 15:15:18,062 | INFO     | stx_quant.main | [#38] 价格=0.3344 | 动作=wait             | 方向=flat  | 得分=+0.000 | 权益=300.00 | 多周期均线排列出现冲突，强制空仓
2026-09-23 15:16:20,832 | INFO     | stx_quant.main | [#39] 价格=0.3337 | 动作=wait             | 方向=flat  | 得分=+0.000 | 权益=300.00 | 多周期均线排列出现冲突，强制空仓
2026-09-23 15:17:23,480 | INFO     | stx_quant.main | [#40] 价格=0.3346 | 动作=wait             | 方向=flat  | 得分=+0.000 | 权益=300.00 | 多周期均线排列出现冲突，强制空仓
2026-09-23 15:18:26,208 | INFO     | stx_quant.main | [#41] 价格=0.3337 | 动作=wait             | 方向=flat  | 得分=+0.000 | 权益=300.00 | 多周期均线排列出现冲突，强制空仓
2026-09-23 15:19:28,805 | INFO     | stx_quant.main | [#42] 价格=0.3336 | 动作=wait             | 方向=flat  | 得分=+0.000 | 权益=300.00 | 多周期均线排列出现冲突，强制空仓
2026-09-23 15:20:31,612 | INFO     | stx_quant.main | [#43] 价格=0.3333 | 动作=wait             | 方向=flat  | 得分=+0.000 | 权益=300.00 | 多周期均线排列出现冲突，强制空仓
2026-09-23 15:21:34,361 | INFO     | stx_quant.main | [#44] 价格=0.3336 | 动作=wait             | 方向=flat  | 得分=+0.000 | 权益=300.00 | 多周期均线排列出现冲突，强制空仓
2026-09-23 15:22:37,234 | INFO     | stx_quant.main | [#45] 价格=0.3334 | 动作=wait             | 方向=flat  | 得分=+0.000 | 权益=300.00 | 多周期均线排列出现冲突，强制空仓
2026-09-23 15:23:39,946 | INFO     | stx_quant.main | [#46] 价格=0.3332 | 动作=wait             | 方向=flat  | 得分=+0.000 | 权益=300.00 | 多周期均线排列出现冲突，强制空仓
2026-09-23 15:24:42,607 | INFO     | stx_quant.main | [#47] 价格=0.3333 | 动作=wait             | 方向=flat  | 得分=+0.000 | 权益=300.00 | 多周期均线排列出现冲突，强制空仓
2026-09-23 15:25:45,274 | INFO     | stx_quant.main | [#48] 价格=0.3335 | 动作=wait             | 方向=flat  | 得分=+0.000 | 权益=300.00 | 多周期均线排列出现冲突，强制空仓
2026-09-23 15:26:48,789 | INFO     | stx_quant.main | [#49] 价格=0.3332 | 动作=wait             | 方向=flat  | 得分=+0.000 | 权益=300.00 | 多周期均线排列出现冲突，强制空仓
2026-09-23 15:27:53,204 | INFO     | stx_quant.main | [#50] 价格=0.3330 | 动作=wait             | 方向=flat  | 得分=+0.000 | 权益=300.00 | 多周期均线排列出现冲突，强制空仓
2026-09-23 15:29:55,426 | INFO     | stx_quant.main | [#51] 价格=0.3332 | 动作=signal_error     | 方向=flat  | 得分=+0.000 | 权益=300.00 | 信号异常: okx GET https://www.okx.com/api/v5/market/candles?instId=STX-USDT-SWAP&bar=1H&limit=200
2026-09-23 15:36:03,535 | WARNING  | stx_quant.data_fetcher | 数据拉取网络异常（第 1/3 次）: okx GET https://www.okx.com/api/v5/market/ticker?instId=STX-USDT-SWAP
2026-09-23 15:36:12,397 | INFO     | stx_quant.main | [#52] 价格=0.3304 | 动作=wait             | 方向=flat  | 得分=+0.000 | 权益=300.00 | 多周期均线排列出现冲突，强制空仓
2026-09-23 15:41:47,098 | WARNING  | stx_quant.data_fetcher | 数据拉取网络异常（第 1/3 次）: okx GET https://www.okx.com/api/v5/market/ticker?instId=STX-USDT-SWAP
2026-09-23 15:42:00,225 | INFO     | stx_quant.main | [#53] 价格=0.3294 | 动作=signal_error     | 方向=flat  | 得分=+0.000 | 权益=300.00 | 信号异常: okx GET https://www.okx.com/api/v5/market/candles?instId=STX-USDT-SWAP&bar=15m&limit=200
2026-09-23 15:43:04,457 | INFO     | stx_quant.main | [#54] 价格=0.3294 | 动作=wait             | 方向=flat  | 得分=+0.000 | 权益=300.00 | 多周期均线排列出现冲突，强制空仓
2026-09-23 15:44:04,823 | INFO     | stx_quant.main | 收到系统信号 2，准备优雅退出
2026-09-23 15:44:07,329 | INFO     | stx_quant.main | [#55] 价格=0.3293 | 动作=wait             | 方向=flat  | 得分=+0.000 | 权益=300.00 | 多周期均线排列出现冲突，强制空仓
2026-09-23 15:44:07,329 | INFO     | stx_quant.main | 主循环已退出，正在生成最终统计...
2026-09-23 15:44:07,329 | INFO     | stx_quant.main | 统计 | 总交易=0 | 胜率=0.00% | 总盈亏=0.00 USDT | 平均每笔=0.0000 USDT
2026-09-23 15:44:07,339 | INFO     | stx_quant.main | 持久化累计统计 | 总交易=0 | 胜率=0.00% | 总盈亏=0.00
2026-09-23 15:44:07,339 | INFO     | stx_quant.notifier | [NOTIFY] STX Bot 已优雅退出。
2026-09-23 15:44:07,339 | INFO     | stx_quant.main | STX 交易机器人已停止。
